
  vinext dev  (Vite 8.0.13)

Sites local sign-in: seedy@sites.test
  ➜  Local:   http://127.0.0.1:5173/
 GET / 200 in 6.9s (compile: 1790787985.5s, render: 6.8s)
 GET / 200 in 101ms (compile: 1790787985.4s, render: 66ms)
 GET / 200 in 156ms (compile: 1790787979.6s, render: 102ms)
 GET / 200 in 161ms (compile: 1790787979.6s, render: 115ms)
 GET / 200 in 161ms (compile: 1790787979.6s, render: 75ms)
 GET / 200 in 112ms (compile: 1790787979.6s, render: 69ms)
 GET / 200 in 76ms (compile: 1790787979.6s, render: 47ms)
 GET / 200 in 55ms (compile: 1790787979.6s, render: 33ms)
 GET / 200 in 66ms (compile: 1790787979.6s, render: 44ms)
 GET / 200 in 82ms (compile: 1790787979.6s, render: 54ms)
 GET / 200 in 77ms (compile: 1790787979.6s, render: 60ms)
 GET / 200 in 83ms (compile: 1790787979.6s, render: 58ms)
 GET / 200 in 61ms (compile: 1790787979.6s, render: 42ms)
 GET / 200 in 61ms (compile: 1790787979.6s, render: 39ms)
 GET / 200 in 82ms (compile: 1790787979.6s, render: 55ms)
 GET / 200 in 237ms (compile: 1790787963.0s, render: 127ms)
 GET / 200 in 78ms (compile: 1790787963.0s, render: 52ms)
 GET / 200 in 79ms (compile: 1790787963.0s, render: 52ms)
